src/components/DropZone.jsx(40,71): error TS2345: Argument of type '{ onDrop: any; accept: { 'image/jpeg': string[]; 'image/png': string[]; 'image/webp': string[]; 'image/avif': string[]; 'image/tiff': string[]; 'image/gif': string[]; 'image/svg+xml': string[]; 'image/bmp': string[]; 'video/mp4': string[]; ... 5 more ...; 'audio/x-wav': string[]; }; maxSize: number; maxFiles: number...' is not assignable to parameter of type 'DropzoneOptions'.
  Type '{ onDrop: any; accept: { 'image/jpeg': string[]; 'image/png': string[]; 'image/webp': string[]; 'image/avif': string[]; 'image/tiff': string[]; 'image/gif': string[]; 'image/svg+xml': string[]; 'image/bmp': string[]; 'video/mp4': string[]; ... 5 more ...; 'audio/x-wav': string[]; }; maxSize: number; maxFiles: number...' is missing the following properties from type 'Pick<React.HTMLProps<HTMLElement>, PropTypes>': multiple, onDragEnter, onDragOver, onDragLeave
src/components/Tooltip.jsx(31,10): error TS2741: Property 'children' is missing in type '{ content: any; }' but required in type '{ children: any; content: any; side?: string; }'.
